Archive member included to satisfy reference by file (symbol)

c:/program files (x86)/atmel/studio/7.0/toolchain/avr8/avr8-gnu-toolchain/bin/../lib/gcc/avr/5.4.0/../../../../avr/lib/avr5\libm.a(addsf3.o)
                              MCAL/SWPwm Module/SWPwm.o (__subsf3)
c:/program files (x86)/atmel/studio/7.0/toolchain/avr8/avr8-gnu-toolchain/bin/../lib/gcc/avr/5.4.0/../../../../avr/lib/avr5\libm.a(addsf3x.o)
                              c:/program files (x86)/atmel/studio/7.0/toolchain/avr8/avr8-gnu-toolchain/bin/../lib/gcc/avr/5.4.0/../../../../avr/lib/avr5\libm.a(addsf3.o) (__addsf3x)
c:/program files (x86)/atmel/studio/7.0/toolchain/avr8/avr8-gnu-toolchain/bin/../lib/gcc/avr/5.4.0/../../../../avr/lib/avr5\libm.a(divsf3.o)
                              MCAL/SWPwm Module/SWPwm.o (__divsf3)
c:/program files (x86)/atmel/studio/7.0/toolchain/avr8/avr8-gnu-toolchain/bin/../lib/gcc/avr/5.4.0/../../../../avr/lib/avr5\libm.a(divsf3x.o)
                              c:/program files (x86)/atmel/studio/7.0/toolchain/avr8/avr8-gnu-toolchain/bin/../lib/gcc/avr/5.4.0/../../../../avr/lib/avr5\libm.a(divsf3.o) (__divsf3x)
c:/program files (x86)/atmel/studio/7.0/toolchain/avr8/avr8-gnu-toolchain/bin/../lib/gcc/avr/5.4.0/../../../../avr/lib/avr5\libm.a(fixunssfsi.o)
                              MCAL/SWPwm Module/SWPwm.o (__fixunssfsi)
c:/program files (x86)/atmel/studio/7.0/toolchain/avr8/avr8-gnu-toolchain/bin/../lib/gcc/avr/5.4.0/../../../../avr/lib/avr5\libm.a(floatsisf.o)
                              MCAL/SWPwm Module/SWPwm.o (__floatunsisf)
c:/program files (x86)/atmel/studio/7.0/toolchain/avr8/avr8-gnu-toolchain/bin/../lib/gcc/avr/5.4.0/../../../../avr/lib/avr5\libm.a(fp_inf.o)
                              c:/program files (x86)/atmel/studio/7.0/toolchain/avr8/avr8-gnu-toolchain/bin/../lib/gcc/avr/5.4.0/../../../../avr/lib/avr5\libm.a(addsf3x.o) (__fp_inf)
c:/program files (x86)/atmel/studio/7.0/toolchain/avr8/avr8-gnu-toolchain/bin/../lib/gcc/avr/5.4.0/../../../../avr/lib/avr5\libm.a(fp_nan.o)
                              c:/program files (x86)/atmel/studio/7.0/toolchain/avr8/avr8-gnu-toolchain/bin/../lib/gcc/avr/5.4.0/../../../../avr/lib/avr5\libm.a(addsf3x.o) (__fp_nan)
c:/program files (x86)/atmel/studio/7.0/toolchain/avr8/avr8-gnu-toolchain/bin/../lib/gcc/avr/5.4.0/../../../../avr/lib/avr5\libm.a(fp_pscA.o)
                              c:/program files (x86)/atmel/studio/7.0/toolchain/avr8/avr8-gnu-toolchain/bin/../lib/gcc/avr/5.4.0/../../../../avr/lib/avr5\libm.a(addsf3x.o) (__fp_pscA)
c:/program files (x86)/atmel/studio/7.0/toolchain/avr8/avr8-gnu-toolchain/bin/../lib/gcc/avr/5.4.0/../../../../avr/lib/avr5\libm.a(fp_pscB.o)
                              c:/program files (x86)/atmel/studio/7.0/toolchain/avr8/avr8-gnu-toolchain/bin/../lib/gcc/avr/5.4.0/../../../../avr/lib/avr5\libm.a(addsf3x.o) (__fp_pscB)
c:/program files (x86)/atmel/studio/7.0/toolchain/avr8/avr8-gnu-toolchain/bin/../lib/gcc/avr/5.4.0/../../../../avr/lib/avr5\libm.a(fp_round.o)
                              c:/program files (x86)/atmel/studio/7.0/toolchain/avr8/avr8-gnu-toolchain/bin/../lib/gcc/avr/5.4.0/../../../../avr/lib/avr5\libm.a(addsf3.o) (__fp_round)
c:/program files (x86)/atmel/studio/7.0/toolchain/avr8/avr8-gnu-toolchain/bin/../lib/gcc/avr/5.4.0/../../../../avr/lib/avr5\libm.a(fp_split3.o)
                              c:/program files (x86)/atmel/studio/7.0/toolchain/avr8/avr8-gnu-toolchain/bin/../lib/gcc/avr/5.4.0/../../../../avr/lib/avr5\libm.a(addsf3x.o) (__fp_split3)
c:/program files (x86)/atmel/studio/7.0/toolchain/avr8/avr8-gnu-toolchain/bin/../lib/gcc/avr/5.4.0/../../../../avr/lib/avr5\libm.a(fp_zero.o)
                              c:/program files (x86)/atmel/studio/7.0/toolchain/avr8/avr8-gnu-toolchain/bin/../lib/gcc/avr/5.4.0/../../../../avr/lib/avr5\libm.a(addsf3x.o) (__fp_zero)
c:/program files (x86)/atmel/studio/7.0/toolchain/avr8/avr8-gnu-toolchain/bin/../lib/gcc/avr/5.4.0/../../../../avr/lib/avr5\libm.a(mulsf3.o)
                              MCAL/SWPwm Module/SWPwm.o (__mulsf3)
c:/program files (x86)/atmel/studio/7.0/toolchain/avr8/avr8-gnu-toolchain/bin/../lib/gcc/avr/5.4.0/../../../../avr/lib/avr5\libm.a(mulsf3x.o)
                              c:/program files (x86)/atmel/studio/7.0/toolchain/avr8/avr8-gnu-toolchain/bin/../lib/gcc/avr/5.4.0/../../../../avr/lib/avr5\libm.a(mulsf3.o) (__mulsf3x)
c:/program files (x86)/atmel/studio/7.0/toolchain/avr8/avr8-gnu-toolchain/bin/../lib/gcc/avr/5.4.0/avr5\libgcc.a(_udivmodsi4.o)
                              MCAL/Gpt Module/Gpt.o (__udivmodsi4)
c:/program files (x86)/atmel/studio/7.0/toolchain/avr8/avr8-gnu-toolchain/bin/../lib/gcc/avr/5.4.0/avr5\libgcc.a(_exit.o)
                              C:/Program Files (x86)/Atmel/Studio/7.0/Packs/atmel/ATmega_DFP/1.6.364/gcc/dev/atmega32/avr5/crtatmega32.o (exit)
c:/program files (x86)/atmel/studio/7.0/toolchain/avr8/avr8-gnu-toolchain/bin/../lib/gcc/avr/5.4.0/avr5\libgcc.a(_tablejump2.o)
                              MCAL/SWPwm Module/SWPwm.o (__tablejump2__)
c:/program files (x86)/atmel/studio/7.0/toolchain/avr8/avr8-gnu-toolchain/bin/../lib/gcc/avr/5.4.0/avr5\libgcc.a(_copy_data.o)
                              App Layer/App.o (__do_copy_data)
c:/program files (x86)/atmel/studio/7.0/toolchain/avr8/avr8-gnu-toolchain/bin/../lib/gcc/avr/5.4.0/avr5\libgcc.a(_clear_bss.o)
                              App Layer/App.o (__do_clear_bss)

Discarded input sections

 .data          0x00000000        0x0 C:/Program Files (x86)/Atmel/Studio/7.0/Packs/atmel/ATmega_DFP/1.6.364/gcc/dev/atmega32/avr5/crtatmega32.o
 .bss           0x00000000        0x0 C:/Program Files (x86)/Atmel/Studio/7.0/Packs/atmel/ATmega_DFP/1.6.364/gcc/dev/atmega32/avr5/crtatmega32.o
 .text          0x00000000        0x0 App Layer/App.o
 .data          0x00000000        0x0 App Layer/App.o
 .bss           0x00000000        0x0 App Layer/App.o
 .text          0x00000000        0x0 ECUAL/Button Module/Button.o
 .data          0x00000000        0x0 ECUAL/Button Module/Button.o
 .bss           0x00000000        0x0 ECUAL/Button Module/Button.o
 .text          0x00000000        0x0 ECUAL/Motor Module/Motor.o
 .data          0x00000000        0x0 ECUAL/Motor Module/Motor.o
 .bss           0x00000000        0x0 ECUAL/Motor Module/Motor.o
 .text          0x00000000        0x0 ECUAL/Motor Module/Motor_Cfg.o
 .data          0x00000000        0x0 ECUAL/Motor Module/Motor_Cfg.o
 .bss           0x00000000        0x0 ECUAL/Motor Module/Motor_Cfg.o
 .text          0x00000000        0x0 main.o
 .data          0x00000000        0x0 main.o
 .bss           0x00000000        0x0 main.o
 .text          0x00000000        0x0 MCAL/Dio Module/Dio.o
 .data          0x00000000        0x0 MCAL/Dio Module/Dio.o
 .bss           0x00000000        0x0 MCAL/Dio Module/Dio.o
 .text          0x00000000        0x0 MCAL/Dio Module/Dio_Cfg.o
 .data          0x00000000        0x0 MCAL/Dio Module/Dio_Cfg.o
 .bss           0x00000000        0x0 MCAL/Dio Module/Dio_Cfg.o
 .text          0x00000000        0x0 MCAL/Gpt Module/Gpt.o
 .data          0x00000000        0x0 MCAL/Gpt Module/Gpt.o
 .bss           0x00000000        0x0 MCAL/Gpt Module/Gpt.o
 .text.GptStart_Sync
                0x00000000       0xc4 MCAL/Gpt Module/Gpt.o
 .text          0x00000000        0x0 MCAL/Gpt Module/Gpt_Cfg.o
 .data          0x00000000        0x0 MCAL/Gpt Module/Gpt_Cfg.o
 .bss           0x00000000        0x0 MCAL/Gpt Module/Gpt_Cfg.o
 .text          0x00000000        0x0 MCAL/SWPwm Module/SWPwm.o
 .data          0x00000000        0x0 MCAL/SWPwm Module/SWPwm.o
 .bss           0x00000000        0x0 MCAL/SWPwm Module/SWPwm.o
 .text          0x00000000        0x0 MCAL/SWPwm Module/SWPwm_Cfg.o
 .data          0x00000000        0x0 MCAL/SWPwm Module/SWPwm_Cfg.o
 .bss           0x00000000        0x0 MCAL/SWPwm Module/SWPwm_Cfg.o
 .text          0x00000000        0x0 Srvc Layer/Service.o
 .data          0x00000000        0x0 Srvc Layer/Service.o
 .bss           0x00000000        0x0 Srvc Layer/Service.o
 .text          0x00000000        0x0 c:/program files (x86)/atmel/studio/7.0/toolchain/avr8/avr8-gnu-toolchain/bin/../lib/gcc/avr/5.4.0/../../../../avr/lib/avr5\libm.a(addsf3.o)
 .data          0x00000000        0x0 c:/program files (x86)/atmel/studio/7.0/toolchain/avr8/avr8-gnu-toolchain/bin/../lib/gcc/avr/5.4.0/../../../../avr/lib/avr5\libm.a(addsf3.o)
 .bss           0x00000000        0x0 c:/program files (x86)/atmel/studio/7.0/toolchain/avr8/avr8-gnu-toolchain/bin/../lib/gcc/avr/5.4.0/../../../../avr/lib/avr5\libm.a(addsf3.o)
 .text          0x00000000        0x0 c:/program files (x86)/atmel/studio/7.0/toolchain/avr8/avr8-gnu-toolchain/bin/../lib/gcc/avr/5.4.0/../../../../avr/lib/avr5\libm.a(addsf3x.o)
 .data          0x00000000        0x0 c:/program files (x86)/atmel/studio/7.0/toolchain/avr8/avr8-gnu-toolchain/bin/../lib/gcc/avr/5.4.0/../../../../avr/lib/avr5\libm.a(addsf3x.o)
 .bss           0x00000000        0x0 c:/program files (x86)/atmel/studio/7.0/toolchain/avr8/avr8-gnu-toolchain/bin/../lib/gcc/avr/5.4.0/../../../../avr/lib/avr5\libm.a(addsf3x.o)
 .text          0x00000000        0x0 c:/program files (x86)/atmel/studio/7.0/toolchain/avr8/avr8-gnu-toolchain/bin/../lib/gcc/avr/5.4.0/../../../../avr/lib/avr5\libm.a(divsf3.o)
 .data          0x00000000        0x0 c:/program files (x86)/atmel/studio/7.0/toolchain/avr8/avr8-gnu-toolchain/bin/../lib/gcc/avr/5.4.0/../../../../avr/lib/avr5\libm.a(divsf3.o)
 .bss           0x00000000        0x0 c:/program files (x86)/atmel/studio/7.0/toolchain/avr8/avr8-gnu-toolchain/bin/../lib/gcc/avr/5.4.0/../../../../avr/lib/avr5\libm.a(divsf3.o)
 .text          0x00000000        0x0 c:/program files (x86)/atmel/studio/7.0/toolchain/avr8/avr8-gnu-toolchain/bin/../lib/gcc/avr/5.4.0/../../../../avr/lib/avr5\libm.a(divsf3x.o)
 .data          0x00000000        0x0 c:/program files (x86)/atmel/studio/7.0/toolchain/avr8/avr8-gnu-toolchain/bin/../lib/gcc/avr/5.4.0/../../../../avr/lib/avr5\libm.a(divsf3x.o)
 .bss           0x00000000        0x0 c:/program files (x86)/atmel/studio/7.0/toolchain/avr8/avr8-gnu-toolchain/bin/../lib/gcc/avr/5.4.0/../../../../avr/lib/avr5\libm.a(divsf3x.o)
 .text          0x00000000        0x0 c:/program files (x86)/atmel/studio/7.0/toolchain/avr8/avr8-gnu-toolchain/bin/../lib/gcc/avr/5.4.0/../../../../avr/lib/avr5\libm.a(fixunssfsi.o)
 .data          0x00000000        0x0 c:/program files (x86)/atmel/studio/7.0/toolchain/avr8/avr8-gnu-toolchain/bin/../lib/gcc/avr/5.4.0/../../../../avr/lib/avr5\libm.a(fixunssfsi.o)
 .bss           0x00000000        0x0 c:/program files (x86)/atmel/studio/7.0/toolchain/avr8/avr8-gnu-toolchain/bin/../lib/gcc/avr/5.4.0/../../../../avr/lib/avr5\libm.a(fixunssfsi.o)
 .text          0x00000000        0x0 c:/program files (x86)/atmel/studio/7.0/toolchain/avr8/avr8-gnu-toolchain/bin/../lib/gcc/avr/5.4.0/../../../../avr/lib/avr5\libm.a(floatsisf.o)
 .data          0x00000000        0x0 c:/program files (x86)/atmel/studio/7.0/toolchain/avr8/avr8-gnu-toolchain/bin/../lib/gcc/avr/5.4.0/../../../../avr/lib/avr5\libm.a(floatsisf.o)
 .bss           0x00000000        0x0 c:/program files (x86)/atmel/studio/7.0/toolchain/avr8/avr8-gnu-toolchain/bin/../lib/gcc/avr/5.4.0/../../../../avr/lib/avr5\libm.a(floatsisf.o)
 .text          0x00000000        0x0 c:/program files (x86)/atmel/studio/7.0/toolchain/avr8/avr8-gnu-toolchain/bin/../lib/gcc/avr/5.4.0/../../../../avr/lib/avr5\libm.a(fp_inf.o)
 .data          0x00000000        0x0 c:/program files (x86)/atmel/studio/7.0/toolchain/avr8/avr8-gnu-toolchain/bin/../lib/gcc/avr/5.4.0/../../../../avr/lib/avr5\libm.a(fp_inf.o)
 .bss           0x00000000        0x0 c:/program files (x86)/atmel/studio/7.0/toolchain/avr8/avr8-gnu-toolchain/bin/../lib/gcc/avr/5.4.0/../../../../avr/lib/avr5\libm.a(fp_inf.o)
 .text          0x00000000        0x0 c:/program files (x86)/atmel/studio/7.0/toolchain/avr8/avr8-gnu-toolchain/bin/../lib/gcc/avr/5.4.0/../../../../avr/lib/avr5\libm.a(fp_nan.o)
 .data          0x00000000        0x0 c:/program files (x86)/atmel/studio/7.0/toolchain/avr8/avr8-gnu-toolchain/bin/../lib/gcc/avr/5.4.0/../../../../avr/lib/avr5\libm.a(fp_nan.o)
 .bss           0x00000000        0x0 c:/program files (x86)/atmel/studio/7.0/toolchain/avr8/avr8-gnu-toolchain/bin/../lib/gcc/avr/5.4.0/../../../../avr/lib/avr5\libm.a(fp_nan.o)
 .text          0x00000000        0x0 c:/program files (x86)/atmel/studio/7.0/toolchain/avr8/avr8-gnu-toolchain/bin/../lib/gcc/avr/5.4.0/../../../../avr/lib/avr5\libm.a(fp_pscA.o)
 .data          0x00000000        0x0 c:/program files (x86)/atmel/studio/7.0/toolchain/avr8/avr8-gnu-toolchain/bin/../lib/gcc/avr/5.4.0/../../../../avr/lib/avr5\libm.a(fp_pscA.o)
 .bss           0x00000000        0x0 c:/program files (x86)/atmel/studio/7.0/toolchain/avr8/avr8-gnu-toolchain/bin/../lib/gcc/avr/5.4.0/../../../../avr/lib/avr5\libm.a(fp_pscA.o)
 .text          0x00000000        0x0 c:/program files (x86)/atmel/studio/7.0/toolchain/avr8/avr8-gnu-toolchain/bin/../lib/gcc/avr/5.4.0/../../../../avr/lib/avr5\libm.a(fp_pscB.o)
 .data          0x00000000        0x0 c:/program files (x86)/atmel/studio/7.0/toolchain/avr8/avr8-gnu-toolchain/bin/../lib/gcc/avr/5.4.0/../../../../avr/lib/avr5\libm.a(fp_pscB.o)
 .bss           0x00000000        0x0 c:/program files (x86)/atmel/studio/7.0/toolchain/avr8/avr8-gnu-toolchain/bin/../lib/gcc/avr/5.4.0/../../../../avr/lib/avr5\libm.a(fp_pscB.o)
 .text          0x00000000        0x0 c:/program files (x86)/atmel/studio/7.0/toolchain/avr8/avr8-gnu-toolchain/bin/../lib/gcc/avr/5.4.0/../../../../avr/lib/avr5\libm.a(fp_round.o)
 .data          0x00000000        0x0 c:/program files (x86)/atmel/studio/7.0/toolchain/avr8/avr8-gnu-toolchain/bin/../lib/gcc/avr/5.4.0/../../../../avr/lib/avr5\libm.a(fp_round.o)
 .bss           0x00000000        0x0 c:/program files (x86)/atmel/studio/7.0/toolchain/avr8/avr8-gnu-toolchain/bin/../lib/gcc/avr/5.4.0/../../../../avr/lib/avr5\libm.a(fp_round.o)
 .text          0x00000000        0x0 c:/program files (x86)/atmel/studio/7.0/toolchain/avr8/avr8-gnu-toolchain/bin/../lib/gcc/avr/5.4.0/../../../../avr/lib/avr5\libm.a(fp_split3.o)
 .data          0x00000000        0x0 c:/program files (x86)/atmel/studio/7.0/toolchain/avr8/avr8-gnu-toolchain/bin/../lib/gcc/avr/5.4.0/../../../../avr/lib/avr5\libm.a(fp_split3.o)
 .bss           0x00000000        0x0 c:/program files (x86)/atmel/studio/7.0/toolchain/avr8/avr8-gnu-toolchain/bin/../lib/gcc/avr/5.4.0/../../../../avr/lib/avr5\libm.a(fp_split3.o)
 .text          0x00000000        0x0 c:/program files (x86)/atmel/studio/7.0/toolchain/avr8/avr8-gnu-toolchain/bin/../lib/gcc/avr/5.4.0/../../../../avr/lib/avr5\libm.a(fp_zero.o)
 .data          0x00000000        0x0 c:/program files (x86)/atmel/studio/7.0/toolchain/avr8/avr8-gnu-toolchain/bin/../lib/gcc/avr/5.4.0/../../../../avr/lib/avr5\libm.a(fp_zero.o)
 .bss           0x00000000        0x0 c:/program files (x86)/atmel/studio/7.0/toolchain/avr8/avr8-gnu-toolchain/bin/../lib/gcc/avr/5.4.0/../../../../avr/lib/avr5\libm.a(fp_zero.o)
 .text          0x00000000        0x0 c:/program files (x86)/atmel/studio/7.0/toolchain/avr8/avr8-gnu-toolchain/bin/../lib/gcc/avr/5.4.0/../../../../avr/lib/avr5\libm.a(mulsf3.o)
 .data          0x00000000        0x0 c:/program files (x86)/atmel/studio/7.0/toolchain/avr8/avr8-gnu-toolchain/bin/../lib/gcc/avr/5.4.0/../../../../avr/lib/avr5\libm.a(mulsf3.o)
 .bss           0x00000000        0x0 c:/program files (x86)/atmel/studio/7.0/toolchain/avr8/avr8-gnu-toolchain/bin/../lib/gcc/avr/5.4.0/../../../../avr/lib/avr5\libm.a(mulsf3.o)
 .text          0x00000000        0x0 c:/program files (x86)/atmel/studio/7.0/toolchain/avr8/avr8-gnu-toolchain/bin/../lib/gcc/avr/5.4.0/../../../../avr/lib/avr5\libm.a(mulsf3x.o)
 .data          0x00000000        0x0 c:/program files (x86)/atmel/studio/7.0/toolchain/avr8/avr8-gnu-toolchain/bin/../lib/gcc/avr/5.4.0/../../../../avr/lib/avr5\libm.a(mulsf3x.o)
 .bss           0x00000000        0x0 c:/program files (x86)/atmel/studio/7.0/toolchain/avr8/avr8-gnu-toolchain/bin/../lib/gcc/avr/5.4.0/../../../../avr/lib/avr5\libm.a(mulsf3x.o)
 .text          0x00000000        0x0 c:/program files (x86)/atmel/studio/7.0/toolchain/avr8/avr8-gnu-toolchain/bin/../lib/gcc/avr/5.4.0/avr5\libgcc.a(_udivmodsi4.o)
 .data          0x00000000        0x0 c:/program files (x86)/atmel/studio/7.0/toolchain/avr8/avr8-gnu-toolchain/bin/../lib/gcc/avr/5.4.0/avr5\libgcc.a(_udivmodsi4.o)
 .bss           0x00000000        0x0 c:/program files (x86)/atmel/studio/7.0/toolchain/avr8/avr8-gnu-toolchain/bin/../lib/gcc/avr/5.4.0/avr5\libgcc.a(_udivmodsi4.o)
 .text.libgcc.mul
                0x00000000        0x0 c:/program files (x86)/atmel/studio/7.0/toolchain/avr8/avr8-gnu-toolchain/bin/../lib/gcc/avr/5.4.0/avr5\libgcc.a(_udivmodsi4.o)
 .text.libgcc   0x00000000        0x0 c:/program files (x86)/atmel/studio/7.0/toolchain/avr8/avr8-gnu-toolchain/bin/../lib/gcc/avr/5.4.0/avr5\libgcc.a(_udivmodsi4.o)
 .text.libgcc.prologue
                0x00000000        0x0 c:/program files (x86)/atmel/studio/7.0/toolchain/avr8/avr8-gnu-toolchain/bin/../lib/gcc/avr/5.4.0/avr5\libgcc.a(_udivmodsi4.o)
 .text.libgcc.builtins
                0x00000000        0x0 c:/program files (x86)/atmel/studio/7.0/toolchain/avr8/avr8-gnu-toolchain/bin/../lib/gcc/avr/5.4.0/avr5\libgcc.a(_udivmodsi4.o)
 .text.libgcc.fmul
                0x00000000        0x0 c:/program files (x86)/atmel/studio/7.0/toolchain/avr8/avr8-gnu-toolchain/bin/../lib/gcc/avr/5.4.0/avr5\libgcc.a(_udivmodsi4.o)
 .text.libgcc.fixed
                0x00000000        0x0 c:/program files (x86)/atmel/studio/7.0/toolchain/avr8/avr8-gnu-toolchain/bin/../lib/gcc/avr/5.4.0/avr5\libgcc.a(_udivmodsi4.o)
 .text          0x00000000        0x0 c:/program files (x86)/atmel/studio/7.0/toolchain/avr8/avr8-gnu-toolchain/bin/../lib/gcc/avr/5.4.0/avr5\libgcc.a(_exit.o)
 .data          0x00000000        0x0 c:/program files (x86)/atmel/studio/7.0/toolchain/avr8/avr8-gnu-toolchain/bin/../lib/gcc/avr/5.4.0/avr5\libgcc.a(_exit.o)
 .bss           0x00000000        0x0 c:/program files (x86)/atmel/studio/7.0/toolchain/avr8/avr8-gnu-toolchain/bin/../lib/gcc/avr/5.4.0/avr5\libgcc.a(_exit.o)
 .text.libgcc.mul
                0x00000000        0x0 c:/program files (x86)/atmel/studio/7.0/toolchain/avr8/avr8-gnu-toolchain/bin/../lib/gcc/avr/5.4.0/avr5\libgcc.a(_exit.o)
 .text.libgcc.div
                0x00000000        0x0 c:/program files (x86)/atmel/studio/7.0/toolchain/avr8/avr8-gnu-toolchain/bin/../lib/gcc/avr/5.4.0/avr5\libgcc.a(_exit.o)
 .text.libgcc   0x00000000        0x0 c:/program files (x86)/atmel/studio/7.0/toolchain/avr8/avr8-gnu-toolchain/bin/../lib/gcc/avr/5.4.0/avr5\libgcc.a(_exit.o)
 .text.libgcc.prologue
                0x00000000        0x0 c:/program files (x86)/atmel/studio/7.0/toolchain/avr8/avr8-gnu-toolchain/bin/../lib/gcc/avr/5.4.0/avr5\libgcc.a(_exit.o)
 .text.libgcc.builtins
                0x00000000        0x0 c:/program files (x86)/atmel/studio/7.0/toolchain/avr8/avr8-gnu-toolchain/bin/../lib/gcc/avr/5.4.0/avr5\libgcc.a(_exit.o)
 .text.libgcc.fmul
                0x00000000        0x0 c:/program files (x86)/atmel/studio/7.0/toolchain/avr8/avr8-gnu-toolchain/bin/../lib/gcc/avr/5.4.0/avr5\libgcc.a(_exit.o)
 .text.libgcc.fixed
                0x00000000        0x0 c:/program files (x86)/atmel/studio/7.0/toolchain/avr8/avr8-gnu-toolchain/bin/../lib/gcc/avr/5.4.0/avr5\libgcc.a(_exit.o)
 .text          0x00000000        0x0 c:/program files (x86)/atmel/studio/7.0/toolchain/avr8/avr8-gnu-toolchain/bin/../lib/gcc/avr/5.4.0/avr5\libgcc.a(_tablejump2.o)
 .data          0x00000000        0x0 c:/program files (x86)/atmel/studio/7.0/toolchain/avr8/avr8-gnu-toolchain/bin/../lib/gcc/avr/5.4.0/avr5\libgcc.a(_tablejump2.o)
 .bss           0x00000000        0x0 c:/program files (x86)/atmel/studio/7.0/toolchain/avr8/avr8-gnu-toolchain/bin/../lib/gcc/avr/5.4.0/avr5\libgcc.a(_tablejump2.o)
 .text.libgcc.mul
                0x00000000        0x0 c:/program files (x86)/atmel/studio/7.0/toolchain/avr8/avr8-gnu-toolchain/bin/../lib/gcc/avr/5.4.0/avr5\libgcc.a(_tablejump2.o)
 .text.libgcc.div
                0x00000000        0x0 c:/program files (x86)/atmel/studio/7.0/toolchain/avr8/avr8-gnu-toolchain/bin/../lib/gcc/avr/5.4.0/avr5\libgcc.a(_tablejump2.o)
 .text.libgcc.prologue
                0x00000000        0x0 c:/program files (x86)/atmel/studio/7.0/toolchain/avr8/avr8-gnu-toolchain/bin/../lib/gcc/avr/5.4.0/avr5\libgcc.a(_tablejump2.o)
 .text.libgcc.builtins
                0x00000000        0x0 c:/program files (x86)/atmel/studio/7.0/toolchain/avr8/avr8-gnu-toolchain/bin/../lib/gcc/avr/5.4.0/avr5\libgcc.a(_tablejump2.o)
 .text.libgcc.fmul
                0x00000000        0x0 c:/program files (x86)/atmel/studio/7.0/toolchain/avr8/avr8-gnu-toolchain/bin/../lib/gcc/avr/5.4.0/avr5\libgcc.a(_tablejump2.o)
 .text.libgcc.fixed
                0x00000000        0x0 c:/program files (x86)/atmel/studio/7.0/toolchain/avr8/avr8-gnu-toolchain/bin/../lib/gcc/avr/5.4.0/avr5\libgcc.a(_tablejump2.o)
 .text          0x00000000        0x0 c:/program files (x86)/atmel/studio/7.0/toolchain/avr8/avr8-gnu-toolchain/bin/../lib/gcc/avr/5.4.0/avr5\libgcc.a(_copy_data.o)
 .data          0x00000000        0x0 c:/program files (x86)/atmel/studio/7.0/toolchain/avr8/avr8-gnu-toolchain/bin/../lib/gcc/avr/5.4.0/avr5\libgcc.a(_copy_data.o)
 .bss           0x00000000        0x0 c:/program files (x86)/atmel/studio/7.0/toolchain/avr8/avr8-gnu-toolchain/bin/../lib/gcc/avr/5.4.0/avr5\libgcc.a(_copy_data.o)
 .text.libgcc.mul
                0x00000000        0x0 c:/program files (x86)/atmel/studio/7.0/toolchain/avr8/avr8-gnu-toolchain/bin/../lib/gcc/avr/5.4.0/avr5\libgcc.a(_copy_data.o)
 .text.libgcc.div
                0x00000000        0x0 c:/program files (x86)/atmel/studio/7.0/toolchain/avr8/avr8-gnu-toolchain/bin/../lib/gcc/avr/5.4.0/avr5\libgcc.a(_copy_data.o)
 .text.libgcc   0x00000000        0x0 c:/program files (x86)/atmel/studio/7.0/toolchain/avr8/avr8-gnu-toolchain/bin/../lib/gcc/avr/5.4.0/avr5\libgcc.a(_copy_data.o)
 .text.libgcc.prologue
                0x00000000        0x0 c:/program files (x86)/atmel/studio/7.0/toolchain/avr8/avr8-gnu-toolchain/bin/../lib/gcc/avr/5.4.0/avr5\libgcc.a(_copy_data.o)
 .text.libgcc.builtins
                0x00000000        0x0 c:/program files (x86)/atmel/studio/7.0/toolchain/avr8/avr8-gnu-toolchain/bin/../lib/gcc/avr/5.4.0/avr5\libgcc.a(_copy_data.o)
 .text.libgcc.fmul
                0x00000000        0x0 c:/program files (x86)/atmel/studio/7.0/toolchain/avr8/avr8-gnu-toolchain/bin/../lib/gcc/avr/5.4.0/avr5\libgcc.a(_copy_data.o)
 .text.libgcc.fixed
                0x00000000        0x0 c:/program files (x86)/atmel/studio/7.0/toolchain/avr8/avr8-gnu-toolchain/bin/../lib/gcc/avr/5.4.0/avr5\libgcc.a(_copy_data.o)
 .text          0x00000000        0x0 c:/program files (x86)/atmel/studio/7.0/toolchain/avr8/avr8-gnu-toolchain/bin/../lib/gcc/avr/5.4.0/avr5\libgcc.a(_clear_bss.o)
 .data          0x00000000        0x0 c:/program files (x86)/atmel/studio/7.0/toolchain/avr8/avr8-gnu-toolchain/bin/../lib/gcc/avr/5.4.0/avr5\libgcc.a(_clear_bss.o)
 .bss           0x00000000        0x0 c:/program files (x86)/atmel/studio/7.0/toolchain/avr8/avr8-gnu-toolchain/bin/../lib/gcc/avr/5.4.0/avr5\libgcc.a(_clear_bss.o)
 .text.libgcc.mul
                0x00000000        0x0 c:/program files (x86)/atmel/studio/7.0/toolchain/avr8/avr8-gnu-toolchain/bin/../lib/gcc/avr/5.4.0/avr5\libgcc.a(_clear_bss.o)
 .text.libgcc.div
                0x00000000        0x0 c:/program files (x86)/atmel/studio/7.0/toolchain/avr8/avr8-gnu-toolchain/bin/../lib/gcc/avr/5.4.0/avr5\libgcc.a(_clear_bss.o)
 .text.libgcc   0x00000000        0x0 c:/program files (x86)/atmel/studio/7.0/toolchain/avr8/avr8-gnu-toolchain/bin/../lib/gcc/avr/5.4.0/avr5\libgcc.a(_clear_bss.o)
 .text.libgcc.prologue
                0x00000000        0x0 c:/program files (x86)/atmel/studio/7.0/toolchain/avr8/avr8-gnu-toolchain/bin/../lib/gcc/avr/5.4.0/avr5\libgcc.a(_clear_bss.o)
 .text.libgcc.builtins
                0x00000000        0x0 c:/program files (x86)/atmel/studio/7.0/toolchain/avr8/avr8-gnu-toolchain/bin/../lib/gcc/avr/5.4.0/avr5\libgcc.a(_clear_bss.o)
 .text.libgcc.fmul
                0x00000000        0x0 c:/program files (x86)/atmel/studio/7.0/toolchain/avr8/avr8-gnu-toolchain/bin/../lib/gcc/avr/5.4.0/avr5\libgcc.a(_clear_bss.o)
 .text.libgcc.fixed
                0x00000000        0x0 c:/program files (x86)/atmel/studio/7.0/toolchain/avr8/avr8-gnu-toolchain/bin/../lib/gcc/avr/5.4.0/avr5\libgcc.a(_clear_bss.o)

Memory Configuration

Name             Origin             Length             Attributes
text             0x00000000         0x00008000         xr
data             0x00800060         0x00000800         rw !x
eeprom           0x00810000         0x00000400         rw !x
fuse             0x00820000         0x00000002         rw !x
lock             0x00830000         0x00000400         rw !x
signature        0x00840000         0x00000400         rw !x
user_signatures  0x00850000         0x00000400         rw !x
*default*        0x00000000         0xffffffff

Linker script and memory map

LOAD C:/Program Files (x86)/Atmel/Studio/7.0/Packs/atmel/ATmega_DFP/1.6.364/gcc/dev/atmega32/avr5/crtatmega32.o
LOAD App Layer/App.o
LOAD ECUAL/Button Module/Button.o
LOAD ECUAL/Motor Module/Motor.o
LOAD ECUAL/Motor Module/Motor_Cfg.o
LOAD main.o
LOAD MCAL/Dio Module/Dio.o
LOAD MCAL/Dio Module/Dio_Cfg.o
LOAD MCAL/Gpt Module/Gpt.o
LOAD MCAL/Gpt Module/Gpt_Cfg.o
LOAD MCAL/SWPwm Module/SWPwm.o
LOAD MCAL/SWPwm Module/SWPwm_Cfg.o
LOAD Srvc Layer/Service.o
START GROUP
LOAD c:/program files (x86)/atmel/studio/7.0/toolchain/avr8/avr8-gnu-toolchain/bin/../lib/gcc/avr/5.4.0/../../../../avr/lib/avr5\libm.a
END GROUP
START GROUP
LOAD c:/program files (x86)/atmel/studio/7.0/toolchain/avr8/avr8-gnu-toolchain/bin/../lib/gcc/avr/5.4.0/avr5\libgcc.a
LOAD c:/program files (x86)/atmel/studio/7.0/toolchain/avr8/avr8-gnu-toolchain/bin/../lib/gcc/avr/5.4.0/../../../../avr/lib/avr5\libm.a
LOAD c:/program files (x86)/atmel/studio/7.0/toolchain/avr8/avr8-gnu-toolchain/bin/../lib/gcc/avr/5.4.0/../../../../avr/lib/avr5\libc.a
LOAD C:/Program Files (x86)/Atmel/Studio/7.0/Packs/atmel/ATmega_DFP/1.6.364/gcc/dev/atmega32/avr5\libatmega32.a
END GROUP
                0x00000000                __TEXT_REGION_ORIGIN__ = DEFINED (__TEXT_REGION_ORIGIN__)?__TEXT_REGION_ORIGIN__:0x0
                [0x00800060]                __DATA_REGION_ORIGIN__ = DEFINED (__DATA_REGION_ORIGIN__)?__DATA_REGION_ORIGIN__:0x800060
                [0x00008000]                __TEXT_REGION_LENGTH__ = DEFINED (__TEXT_REGION_LENGTH__)?__TEXT_REGION_LENGTH__:0x20000
                [0x00000800]                __DATA_REGION_LENGTH__ = DEFINED (__DATA_REGION_LENGTH__)?__DATA_REGION_LENGTH__:0xffa0
                [0x00000400]                __EEPROM_REGION_LENGTH__ = DEFINED (__EEPROM_REGION_LENGTH__)?__EEPROM_REGION_LENGTH__:0x10000
                [0x00000002]                __FUSE_REGION_LENGTH__ = DEFINED (__FUSE_REGION_LENGTH__)?__FUSE_REGION_LENGTH__:0x400
                0x00000400                __LOCK_REGION_LENGTH__ = DEFINED (__LOCK_REGION_LENGTH__)?__LOCK_REGION_LENGTH__:0x400
                0x00000400                __SIGNATURE_REGION_LENGTH__ = DEFINED (__SIGNATURE_REGION_LENGTH__)?__SIGNATURE_REGION_LENGTH__:0x400
                0x00000400                __USER_SIGNATURE_REGION_LENGTH__ = DEFINED (__USER_SIGNATURE_REGION_LENGTH__)?__USER_SIGNATURE_REGION_LENGTH__:0x400

.hash
 *(.hash)

.dynsym
 *(.dynsym)

.dynstr
 *(.dynstr)

.gnu.version
 *(.gnu.version)

.gnu.version_d
 *(.gnu.version_d)

.gnu.version_r
 *(.gnu.version_r)

.rel.init
 *(.rel.init)

.rela.init
 *(.rela.init)

.rel.text
 *(.rel.text)
 *(.rel.text.*)
 *(.rel.gnu.linkonce.t*)

.rela.text
 *(.rela.text)
 *(.rela.text.*)
 *(.rela.gnu.linkonce.t*)

.rel.fini
 *(.rel.fini)

.rela.fini
 *(.rela.fini)

.rel.rodata
 *(.rel.rodata)
 *(.rel.rodata.*)
 *(.rel.gnu.linkonce.r*)

.rela.rodata
 *(.rela.rodata)
 *(.rela.rodata.*)
 *(.rela.gnu.linkonce.r*)

.rel.data
 *(.rel.data)
 *(.rel.data.*)
 *(.rel.gnu.linkonce.d*)

.rela.data
 *(.rela.data)
 *(.rela.data.*)
 *(.rela.gnu.linkonce.d*)

.rel.ctors
 *(.rel.ctors)

.rela.ctors
 *(.rela.ctors)

.rel.dtors
 *(.rel.dtors)

.rela.dtors
 *(.rela.dtors)

.rel.got
 *(.rel.got)

.rela.got
 *(.rela.got)

.rel.bss
 *(.rel.bss)

.rela.bss
 *(.rela.bss)

.rel.plt
 *(.rel.plt)

.rela.plt
 *(.rela.plt)

.text           0x00000000     0x166a
 *(.vectors)
 .vectors       0x00000000       0x54 C:/Program Files (x86)/Atmel/Studio/7.0/Packs/atmel/ATmega_DFP/1.6.364/gcc/dev/atmega32/avr5/crtatmega32.o
                0x00000000                __vector_default
                0x00000000                __vectors
 *(.vectors)
 *(.progmem.gcc*)
 .progmem.gcc_sw_table.SWPwm_Start
                0x00000054        0xe MCAL/SWPwm Module/SWPwm.o
                0x00000062                . = ALIGN (0x2)
                0x00000062                __trampolines_start = .
 *(.trampolines)
 .trampolines   0x00000062        0x0 linker stubs
 *(.trampolines*)
                0x00000062                __trampolines_end = .
 *libprintf_flt.a:*(.progmem.data)
 *libc.a:*(.progmem.data)
 *(.progmem*)
                0x00000062                . = ALIGN (0x2)
 *(.jumptables)
 *(.jumptables*)
 *(.lowtext)
 *(.lowtext*)
                0x00000062                __ctors_start = .
 *(.ctors)
                0x00000062                __ctors_end = .
                0x00000062                __dtors_start = .
 *(.dtors)
                0x00000062                __dtors_end = .
 SORT(*)(.ctors)
 SORT(*)(.dtors)
 *(.init0)
 .init0         0x00000062        0x0 C:/Program Files (x86)/Atmel/Studio/7.0/Packs/atmel/ATmega_DFP/1.6.364/gcc/dev/atmega32/avr5/crtatmega32.o
                0x00000062                __init
 *(.init0)
 *(.init1)
 *(.init1)
 *(.init2)
 .init2         0x00000062        0xc C:/Program Files (x86)/Atmel/Studio/7.0/Packs/atmel/ATmega_DFP/1.6.364/gcc/dev/atmega32/avr5/crtatmega32.o
 *(.init2)
 *(.init3)
 *(.init3)
 *(.init4)
 .init4         0x0000006e       0x16 c:/program files (x86)/atmel/studio/7.0/toolchain/avr8/avr8-gnu-toolchain/bin/../lib/gcc/avr/5.4.0/avr5\libgcc.a(_copy_data.o)
                0x0000006e                __do_copy_data
 .init4         0x00000084       0x10 c:/program files (x86)/atmel/studio/7.0/toolchain/avr8/avr8-gnu-toolchain/bin/../lib/gcc/avr/5.4.0/avr5\libgcc.a(_clear_bss.o)
                0x00000084                __do_clear_bss
 *(.init4)
 *(.init5)
 *(.init5)
 *(.init6)
 *(.init6)
 *(.init7)
 *(.init7)
 *(.init8)
 *(.init8)
 *(.init9)
 .init9         0x00000094        0x8 C:/Program Files (x86)/Atmel/Studio/7.0/Packs/atmel/ATmega_DFP/1.6.364/gcc/dev/atmega32/avr5/crtatmega32.o
 *(.init9)
 *(.text)
 .text          0x0000009c        0x4 C:/Program Files (x86)/Atmel/Studio/7.0/Packs/atmel/ATmega_DFP/1.6.364/gcc/dev/atmega32/avr5/crtatmega32.o
                0x0000009c                __vector_1
                0x0000009c                __vector_12
                0x0000009c                __bad_interrupt
                0x0000009c                __vector_3
                0x0000009c                __vector_13
                0x0000009c                __vector_17
                0x0000009c                __vector_19
                0x0000009c                __vector_2
                0x0000009c                __vector_15
                0x0000009c                __vector_14
                0x0000009c                __vector_16
                0x0000009c                __vector_18
                0x0000009c                __vector_20
                0x000000a0                . = ALIGN (0x2)
 *(.text.*)
 .text.CarApp_init
                0x000000a0       0x1e App Layer/App.o
                0x000000a0                CarApp_init
 .text.CarApp_update
                0x000000be       0xcc App Layer/App.o
                0x000000be                CarApp_update
 .text.CarApp_start
                0x0000018a       0x10 App Layer/App.o
                0x0000018a                CarApp_start
 .text.Button_init
                0x0000019a        0xc ECUAL/Button Module/Button.o
                0x0000019a                Button_init
 .text.Button_getState
                0x000001a6       0x24 ECUAL/Button Module/Button.o
                0x000001a6                Button_getState
 .text.Button_updateState
                0x000001ca       0xba ECUAL/Button Module/Button.o
                0x000001ca                Button_updateState
 .text.Motor_init
                0x00000284        0x8 ECUAL/Motor Module/Motor.o
                0x00000284                Motor_init
 .text.Motor_run
                0x0000028c       0xd6 ECUAL/Motor Module/Motor.o
                0x0000028c                Motor_run
 .text.Motor_stop
                0x00000362       0xde ECUAL/Motor Module/Motor.o
                0x00000362                Motor_stop
 .text.main     0x00000440        0x6 main.o
                0x00000440                main
 .text.Dio_init
                0x00000446      0x1ea MCAL/Dio Module/Dio.o
                0x00000446                Dio_init
 .text.Dio_writePin
                0x00000630      0x132 MCAL/Dio Module/Dio.o
                0x00000630                Dio_writePin
 .text.Dio_togglePin
                0x00000762       0xb0 MCAL/Dio Module/Dio.o
                0x00000762                Dio_togglePin
 .text.Dio_readPin
                0x00000812      0x10a MCAL/Dio Module/Dio.o
                0x00000812                Dio_readPin
 .text.Gpt_ISRHandler
                0x0000091c       0x96 MCAL/Gpt Module/Gpt.o
 .text.GptInit  0x000009b2       0x58 MCAL/Gpt Module/Gpt.o
                0x000009b2                GptInit
 .text.GptStart_aSync
                0x00000a0a       0xbe MCAL/Gpt Module/Gpt.o
                0x00000a0a                GptStart_aSync
 .text.GptStop  0x00000ac8       0x5a MCAL/Gpt Module/Gpt.o
                0x00000ac8                GptStop
 .text.__vector_11
                0x00000b22       0x4a MCAL/Gpt Module/Gpt.o
                0x00000b22                __vector_11
 .text.__vector_10
                0x00000b6c       0x4a MCAL/Gpt Module/Gpt.o
                0x00000b6c                __vector_10
 .text.__vector_9
                0x00000bb6       0x4a MCAL/Gpt Module/Gpt.o
                0x00000bb6                __vector_9
 .text.__vector_6
                0x00000c00       0x4a MCAL/Gpt Module/Gpt.o
                0x00000c00                __vector_6
 .text.__vector_7
                0x00000c4a       0x4a MCAL/Gpt Module/Gpt.o
                0x00000c4a                __vector_7
 .text.__vector_8
                0x00000c94       0x4a MCAL/Gpt Module/Gpt.o
                0x00000c94                __vector_8
 .text.__vector_4
                0x00000cde       0x4a MCAL/Gpt Module/Gpt.o
                0x00000cde                __vector_4
 .text.__vector_5
                0x00000d28       0x4a MCAL/Gpt Module/Gpt.o
                0x00000d28                __vector_5
 .text.waveFunction
                0x00000d72      0x104 MCAL/SWPwm Module/SWPwm.o
                0x00000d72                waveFunction
 .text.SWPwm_Init
                0x00000e76       0x10 MCAL/SWPwm Module/SWPwm.o
                0x00000e76                SWPwm_Init
 .text.SWPwm_Start
                0x00000e86      0x1f4 MCAL/SWPwm Module/SWPwm.o
                0x00000e86                SWPwm_Start
 .text.SWPwm_Stop
                0x0000107a       0x7c MCAL/SWPwm Module/SWPwm.o
                0x0000107a                SWPwm_Stop
 .text.Service_init
                0x000010f6       0x2a Srvc Layer/Service.o
                0x000010f6                Service_init
 .text.Service_ReportButton
                0x00001120       0x50 Srvc Layer/Service.o
                0x00001120                Service_ReportButton
 .text.Service_UpdateMotors
                0x00001170       0x94 Srvc Layer/Service.o
                0x00001170                Service_UpdateMotors
 .text.avr-libc.fplib
                0x00001204        0xe c:/program files (x86)/atmel/studio/7.0/toolchain/avr8/avr8-gnu-toolchain/bin/../lib/gcc/avr/5.4.0/../../../../avr/lib/avr5\libm.a(addsf3.o)
                0x00001204                __subsf3
                0x00001206                __addsf3
 .text.avr-libc.fplib
                0x00001212       0xcc c:/program files (x86)/atmel/studio/7.0/toolchain/avr8/avr8-gnu-toolchain/bin/../lib/gcc/avr/5.4.0/../../../../avr/lib/avr5\libm.a(addsf3x.o)
                0x00001234                __addsf3x
 .text.avr-libc.fplib
                0x000012de        0x8 c:/program files (x86)/atmel/studio/7.0/toolchain/avr8/avr8-gnu-toolchain/bin/../lib/gcc/avr/5.4.0/../../../../avr/lib/avr5\libm.a(divsf3.o)
                0x000012de                __divsf3
 .text.avr-libc.fplib
                0x000012e6       0xdc c:/program files (x86)/atmel/studio/7.0/toolchain/avr8/avr8-gnu-toolchain/bin/../lib/gcc/avr/5.4.0/../../../../avr/lib/avr5\libm.a(divsf3x.o)
                0x00001306                __divsf3x
                0x0000130c                __divsf3_pse
 .text.avr-libc.fplib
                0x000013c2       0x5e c:/program files (x86)/atmel/studio/7.0/toolchain/avr8/avr8-gnu-toolchain/bin/../lib/gcc/avr/5.4.0/../../../../avr/lib/avr5\libm.a(fixunssfsi.o)
                0x000013c2                __fixunssfsi
 .text.avr-libc.fplib
                0x00001420       0x7a c:/program files (x86)/atmel/studio/7.0/toolchain/avr8/avr8-gnu-toolchain/bin/../lib/gcc/avr/5.4.0/../../../../avr/lib/avr5\libm.a(floatsisf.o)
                0x00001420                __floatunsisf
                0x00001424                __floatsisf
 .text.avr-libc.fplib
                0x0000149a        0xc c:/program files (x86)/atmel/studio/7.0/toolchain/avr8/avr8-gnu-toolchain/bin/../lib/gcc/avr/5.4.0/../../../../avr/lib/avr5\libm.a(fp_inf.o)
                0x0000149a                __fp_inf
 .text.avr-libc.fplib
                0x000014a6        0x6 c:/program files (x86)/atmel/studio/7.0/toolchain/avr8/avr8-gnu-toolchain/bin/../lib/gcc/avr/5.4.0/../../../../avr/lib/avr5\libm.a(fp_nan.o)
                0x000014a6                __fp_nan
 .text.avr-libc.fplib
                0x000014ac        0xe c:/program files (x86)/atmel/studio/7.0/toolchain/avr8/avr8-gnu-toolchain/bin/../lib/gcc/avr/5.4.0/../../../../avr/lib/avr5\libm.a(fp_pscA.o)
                0x000014ac                __fp_pscA
 .text.avr-libc.fplib
                0x000014ba        0xe c:/program files (x86)/atmel/studio/7.0/toolchain/avr8/avr8-gnu-toolchain/bin/../lib/gcc/avr/5.4.0/../../../../avr/lib/avr5\libm.a(fp_pscB.o)
                0x000014ba                __fp_pscB
 .text.avr-libc.fplib
                0x000014c8       0x22 c:/program files (x86)/atmel/studio/7.0/toolchain/avr8/avr8-gnu-toolchain/bin/../lib/gcc/avr/5.4.0/../../../../avr/lib/avr5\libm.a(fp_round.o)
                0x000014c8                __fp_round
 .text.avr-libc.fplib
                0x000014ea       0x44 c:/program files (x86)/atmel/studio/7.0/toolchain/avr8/avr8-gnu-toolchain/bin/../lib/gcc/avr/5.4.0/../../../../avr/lib/avr5\libm.a(fp_split3.o)
                0x000014ea                __fp_split3
                0x000014fa                __fp_splitA
 .text.avr-libc.fplib
                0x0000152e        0xe c:/program files (x86)/atmel/studio/7.0/toolchain/avr8/avr8-gnu-toolchain/bin/../lib/gcc/avr/5.4.0/../../../../avr/lib/avr5\libm.a(fp_zero.o)
                0x0000152e                __fp_zero
                0x00001530                __fp_szero
 .text.avr-libc.fplib
                0x0000153c        0x8 c:/program files (x86)/atmel/studio/7.0/toolchain/avr8/avr8-gnu-toolchain/bin/../lib/gcc/avr/5.4.0/../../../../avr/lib/avr5\libm.a(mulsf3.o)
                0x0000153c                __mulsf3
 .text.avr-libc.fplib
                0x00001544       0xd2 c:/program files (x86)/atmel/studio/7.0/toolchain/avr8/avr8-gnu-toolchain/bin/../lib/gcc/avr/5.4.0/../../../../avr/lib/avr5\libm.a(mulsf3x.o)
                0x00001562                __mulsf3x
                0x00001568                __mulsf3_pse
 .text.libgcc.div
                0x00001616       0x44 c:/program files (x86)/atmel/studio/7.0/toolchain/avr8/avr8-gnu-toolchain/bin/../lib/gcc/avr/5.4.0/avr5\libgcc.a(_udivmodsi4.o)
                0x00001616                __udivmodsi4
 .text.libgcc   0x0000165a        0xc c:/program files (x86)/atmel/studio/7.0/toolchain/avr8/avr8-gnu-toolchain/bin/../lib/gcc/avr/5.4.0/avr5\libgcc.a(_tablejump2.o)
                0x0000165a                __tablejump2__
                0x00001666                . = ALIGN (0x2)
 *(.fini9)
 .fini9         0x00001666        0x0 c:/program files (x86)/atmel/studio/7.0/toolchain/avr8/avr8-gnu-toolchain/bin/../lib/gcc/avr/5.4.0/avr5\libgcc.a(_exit.o)
                0x00001666                _exit
                0x00001666                exit
 *(.fini9)
 *(.fini8)
 *(.fini8)
 *(.fini7)
 *(.fini7)
 *(.fini6)
 *(.fini6)
 *(.fini5)
 *(.fini5)
 *(.fini4)
 *(.fini4)
 *(.fini3)
 *(.fini3)
 *(.fini2)
 *(.fini2)
 *(.fini1)
 *(.fini1)
 *(.fini0)
 .fini0         0x00001666        0x4 c:/program files (x86)/atmel/studio/7.0/toolchain/avr8/avr8-gnu-toolchain/bin/../lib/gcc/avr/5.4.0/avr5\libgcc.a(_exit.o)
 *(.fini0)
                0x0000166a                _etext = .

.data           0x00800060       0x3a load address 0x0000166a
                0x00800060                PROVIDE (__data_start, .)
 *(.data)
 *(.data*)
 .data.enuCurrentAppStatus
                0x00800060        0x1 App Layer/App.o
 .data.strDio_pins
                0x00800061       0x28 MCAL/Dio Module/Dio_Cfg.o
                0x00800061                strDio_pins
 .data.genu_SrvcStatus
                0x00800089        0x1 Srvc Layer/Service.o
                0x00800089                genu_SrvcStatus
 *(.gnu.linkonce.d*)
 *(.rodata)
 *(.rodata*)
 .rodata.str_MotorsConfig
                0x0080008a        0xa ECUAL/Motor Module/Motor_Cfg.o
                0x0080008a                str_MotorsConfig
 .rodata.Timers_Configurations
                0x00800094        0x3 MCAL/Gpt Module/Gpt_Cfg.o
                0x00800094                Timers_Configurations
 .rodata.SWPwm_Channels
                0x00800097        0x2 MCAL/SWPwm Module/SWPwm_Cfg.o
                0x00800097                SWPwm_Channels
 *(.gnu.linkonce.r*)
                0x0080009a                . = ALIGN (0x2)
 *fill*         0x00800099        0x1 
                0x0080009a                _edata = .
                0x0080009a                PROVIDE (__data_end, .)

.bss            0x0080009a       0x22
                0x0080009a                PROVIDE (__bss_start, .)
 *(.bss)
 *(.bss*)
 .bss.gu8_buttonPressed
                0x0080009a        0x1 App Layer/App.o
                0x0080009a                gu8_buttonPressed
 .bss.enuCurrentButton
                0x0080009b        0x1 App Layer/App.o
 .bss.enuCurrentGear
                0x0080009c        0x1 App Layer/App.o
 .bss.gu8_ButtonsState
                0x0080009d        0x4 ECUAL/Button Module/Button.o
 .bss.gau8_MotorsState
                0x008000a1        0x2 ECUAL/Motor Module/Motor.o
                0x008000a1                gau8_MotorsState
 .bss.u8_Dio_Status
                0x008000a3        0x1 MCAL/Dio Module/Dio.o
 .bss.pstrDio_pinsConfig
                0x008000a4        0x2 MCAL/Dio Module/Dio.o
 .bss.u32_Channels_ISR_Count
                0x008000a6        0x4 MCAL/Gpt Module/Gpt.o
                0x008000a6                u32_Channels_ISR_Count
 .bss.enuChannelsState
                0x008000aa        0x1 MCAL/Gpt Module/Gpt.o
                0x008000aa                enuChannelsState
 .bss.Gpt_Timer0_CallBackPtr
                0x008000ab        0x2 MCAL/Gpt Module/Gpt.o
 .bss.gu8_currentPwmChannel
                0x008000ad        0x1 MCAL/SWPwm Module/SWPwm.o
                0x008000ad                gu8_currentPwmChannel
 .bss.gstr_ChannelsData
                0x008000ae        0xe MCAL/SWPwm Module/SWPwm.o
                0x008000ae                gstr_ChannelsData
 *(COMMON)
                0x008000bc                PROVIDE (__bss_end, .)
                0x0000166a                __data_load_start = LOADADDR (.data)
                0x000016a4                __data_load_end = (__data_load_start + SIZEOF (.data))

.noinit         0x008000bc        0x0
                [!provide]                PROVIDE (__noinit_start, .)
 *(.noinit*)
                [!provide]                PROVIDE (__noinit_end, .)
                0x008000bc                _end = .
                [!provide]                PROVIDE (__heap_start, .)

.eeprom         0x00810000        0x0
 *(.eeprom*)
                0x00810000                __eeprom_end = .

.fuse
 *(.fuse)
 *(.lfuse)
 *(.hfuse)
 *(.efuse)

.lock
 *(.lock*)

.signature
 *(.signature*)

.user_signatures
 *(.user_signatures*)

.stab
 *(.stab)

.stabstr
 *(.stabstr)

.stab.excl
 *(.stab.excl)

.stab.exclstr
 *(.stab.exclstr)

.stab.index
 *(.stab.index)

.stab.indexstr
 *(.stab.indexstr)

.comment        0x00000000       0x30
 *(.comment)
 .comment       0x00000000       0x30 App Layer/App.o
                                 0x31 (size before relaxing)
 .comment       0x00000030       0x31 ECUAL/Button Module/Button.o
 .comment       0x00000030       0x31 ECUAL/Motor Module/Motor.o
 .comment       0x00000030       0x31 ECUAL/Motor Module/Motor_Cfg.o
 .comment       0x00000030       0x31 main.o
 .comment       0x00000030       0x31 MCAL/Dio Module/Dio.o
 .comment       0x00000030       0x31 MCAL/Dio Module/Dio_Cfg.o
 .comment       0x00000030       0x31 MCAL/Gpt Module/Gpt.o
 .comment       0x00000030       0x31 MCAL/Gpt Module/Gpt_Cfg.o
 .comment       0x00000030       0x31 MCAL/SWPwm Module/SWPwm.o
 .comment       0x00000030       0x31 MCAL/SWPwm Module/SWPwm_Cfg.o
 .comment       0x00000030       0x31 Srvc Layer/Service.o

.note.gnu.avr.deviceinfo
                0x00000000       0x3c
 .note.gnu.avr.deviceinfo
                0x00000000       0x3c C:/Program Files (x86)/Atmel/Studio/7.0/Packs/atmel/ATmega_DFP/1.6.364/gcc/dev/atmega32/avr5/crtatmega32.o

.note.gnu.build-id
 *(.note.gnu.build-id)

.debug
 *(.debug)

.line
 *(.line)

.debug_srcinfo
 *(.debug_srcinfo)

.debug_sfnames
 *(.debug_sfnames)

.debug_aranges  0x00000000      0x230
 *(.debug_aranges)
 .debug_aranges
                0x00000000       0x30 App Layer/App.o
 .debug_aranges
                0x00000030       0x30 ECUAL/Button Module/Button.o
 .debug_aranges
                0x00000060       0x30 ECUAL/Motor Module/Motor.o
 .debug_aranges
                0x00000090       0x18 ECUAL/Motor Module/Motor_Cfg.o
 .debug_aranges
                0x000000a8       0x20 main.o
 .debug_aranges
                0x000000c8       0x38 MCAL/Dio Module/Dio.o
 .debug_aranges
                0x00000100       0x18 MCAL/Dio Module/Dio_Cfg.o
 .debug_aranges
                0x00000118       0x80 MCAL/Gpt Module/Gpt.o
 .debug_aranges
                0x00000198       0x18 MCAL/Gpt Module/Gpt_Cfg.o
 .debug_aranges
                0x000001b0       0x38 MCAL/SWPwm Module/SWPwm.o
 .debug_aranges
                0x000001e8       0x18 MCAL/SWPwm Module/SWPwm_Cfg.o
 .debug_aranges
                0x00000200       0x30 Srvc Layer/Service.o

.debug_pubnames
 *(.debug_pubnames)

.debug_info     0x00000000     0x22b0
 *(.debug_info .gnu.linkonce.wi.*)
 .debug_info    0x00000000      0x4e6 C:/Program Files (x86)/Atmel/Studio/7.0/Packs/atmel/ATmega_DFP/1.6.364/gcc/dev/atmega32/avr5/crtatmega32.o
 .debug_info    0x000004e6      0x337 App Layer/App.o
 .debug_info    0x0000081d      0x2a2 ECUAL/Button Module/Button.o
 .debug_info    0x00000abf      0x31e ECUAL/Motor Module/Motor.o
 .debug_info    0x00000ddd       0xf9 ECUAL/Motor Module/Motor_Cfg.o
 .debug_info    0x00000ed6       0xad main.o
 .debug_info    0x00000f83      0x247 MCAL/Dio Module/Dio.o
 .debug_info    0x000011ca      0x108 MCAL/Dio Module/Dio_Cfg.o
 .debug_info    0x000012d2      0x535 MCAL/Gpt Module/Gpt.o
 .debug_info    0x00001807      0x169 MCAL/Gpt Module/Gpt_Cfg.o
 .debug_info    0x00001970      0x567 MCAL/SWPwm Module/SWPwm.o
 .debug_info    0x00001ed7       0xd2 MCAL/SWPwm Module/SWPwm_Cfg.o
 .debug_info    0x00001fa9      0x307 Srvc Layer/Service.o

.debug_abbrev   0x00000000      0xf29
 *(.debug_abbrev)
 .debug_abbrev  0x00000000      0x4a3 C:/Program Files (x86)/Atmel/Studio/7.0/Packs/atmel/ATmega_DFP/1.6.364/gcc/dev/atmega32/avr5/crtatmega32.o
 .debug_abbrev  0x000004a3       0xef App Layer/App.o
 .debug_abbrev  0x00000592      0x143 ECUAL/Button Module/Button.o
 .debug_abbrev  0x000006d5      0x134 ECUAL/Motor Module/Motor.o
 .debug_abbrev  0x00000809       0x6e ECUAL/Motor Module/Motor_Cfg.o
 .debug_abbrev  0x00000877       0x68 main.o
 .debug_abbrev  0x000008df       0xc3 MCAL/Dio Module/Dio.o
 .debug_abbrev  0x000009a2       0x7f MCAL/Dio Module/Dio_Cfg.o
 .debug_abbrev  0x00000a21      0x1a4 MCAL/Gpt Module/Gpt.o
 .debug_abbrev  0x00000bc5       0x86 MCAL/Gpt Module/Gpt_Cfg.o
 .debug_abbrev  0x00000c4b      0x16a MCAL/SWPwm Module/SWPwm.o
 .debug_abbrev  0x00000db5       0x6e MCAL/SWPwm Module/SWPwm_Cfg.o
 .debug_abbrev  0x00000e23      0x106 Srvc Layer/Service.o

.debug_line     0x00000000     0x14a4
 *(.debug_line .debug_line.* .debug_line_end)
 .debug_line    0x00000000      0x116 C:/Program Files (x86)/Atmel/Studio/7.0/Packs/atmel/ATmega_DFP/1.6.364/gcc/dev/atmega32/avr5/crtatmega32.o
 .debug_line    0x00000116      0x222 App Layer/App.o
 .debug_line    0x00000338      0x1b6 ECUAL/Button Module/Button.o
 .debug_line    0x000004ee      0x20b ECUAL/Motor Module/Motor.o
 .debug_line    0x000006f9       0x8d ECUAL/Motor Module/Motor_Cfg.o
 .debug_line    0x00000786       0x57 main.o
 .debug_line    0x000007dd      0x302 MCAL/Dio Module/Dio.o
 .debug_line    0x00000adf       0x6d MCAL/Dio Module/Dio_Cfg.o
 .debug_line    0x00000b4c      0x38a MCAL/Gpt Module/Gpt.o
 .debug_line    0x00000ed6       0x6d MCAL/Gpt Module/Gpt_Cfg.o
 .debug_line    0x00000f43      0x243 MCAL/SWPwm Module/SWPwm.o
 .debug_line    0x00001186       0x75 MCAL/SWPwm Module/SWPwm_Cfg.o
 .debug_line    0x000011fb      0x2a9 Srvc Layer/Service.o

.debug_frame    0x00000000      0x608
 *(.debug_frame)
 .debug_frame   0x00000000       0x44 App Layer/App.o
 .debug_frame   0x00000044       0x5c ECUAL/Button Module/Button.o
 .debug_frame   0x000000a0       0x7c ECUAL/Motor Module/Motor.o
 .debug_frame   0x0000011c       0x24 main.o
 .debug_frame   0x00000140       0x54 MCAL/Dio Module/Dio.o
 .debug_frame   0x00000194      0x344 MCAL/Gpt Module/Gpt.o
 .debug_frame   0x000004d8       0xc0 MCAL/SWPwm Module/SWPwm.o
 .debug_frame   0x00000598       0x70 Srvc Layer/Service.o

.debug_str      0x00000000     0x12d4
 *(.debug_str)
 .debug_str     0x00000000      0x196 C:/Program Files (x86)/Atmel/Studio/7.0/Packs/atmel/ATmega_DFP/1.6.364/gcc/dev/atmega32/avr5/crtatmega32.o
 .debug_str     0x00000196      0x484 App Layer/App.o
                                0x4ab (size before relaxing)
 .debug_str     0x0000061a      0x1ae ECUAL/Button Module/Button.o
                                0x364 (size before relaxing)
 .debug_str     0x000007c8      0x1d2 ECUAL/Motor Module/Motor.o
                                0x392 (size before relaxing)
 .debug_str     0x0000099a       0x22 ECUAL/Motor Module/Motor_Cfg.o
                                0x242 (size before relaxing)
 .debug_str     0x000009bc       0x11 main.o
                                0x1c0 (size before relaxing)
 .debug_str     0x000009cd      0x13a MCAL/Dio Module/Dio.o
                                0x396 (size before relaxing)
 .debug_str     0x00000b07       0x1d MCAL/Dio Module/Dio_Cfg.o
                                0x253 (size before relaxing)
 .debug_str     0x00000b24      0x44d MCAL/Gpt Module/Gpt.o
                                0x61f (size before relaxing)
 .debug_str     0x00000f71       0x1d MCAL/Gpt Module/Gpt_Cfg.o
                                0x379 (size before relaxing)
 .debug_str     0x00000f8e      0x280 MCAL/SWPwm Module/SWPwm.o
                                0x6d6 (size before relaxing)
 .debug_str     0x0000120e       0x21 MCAL/SWPwm Module/SWPwm_Cfg.o
                                0x21c (size before relaxing)
 .debug_str     0x0000122f       0xa5 Srvc Layer/Service.o
                                0x47f (size before relaxing)

.debug_loc      0x00000000     0x15e4
 *(.debug_loc)
 .debug_loc     0x00000000      0x188 ECUAL/Button Module/Button.o
 .debug_loc     0x00000188      0x227 ECUAL/Motor Module/Motor.o
 .debug_loc     0x000003af      0x178 MCAL/Dio Module/Dio.o
 .debug_loc     0x00000527      0x97d MCAL/Gpt Module/Gpt.o
 .debug_loc     0x00000ea4      0x4d5 MCAL/SWPwm Module/SWPwm.o
 .debug_loc     0x00001379      0x26b Srvc Layer/Service.o

.debug_macinfo
 *(.debug_macinfo)

.debug_weaknames
 *(.debug_weaknames)

.debug_funcnames
 *(.debug_funcnames)

.debug_typenames
 *(.debug_typenames)

.debug_varnames
 *(.debug_varnames)

.debug_pubtypes
 *(.debug_pubtypes)

.debug_ranges   0x00000000      0x150
 *(.debug_ranges)
 .debug_ranges  0x00000000       0x20 App Layer/App.o
 .debug_ranges  0x00000020       0x20 ECUAL/Button Module/Button.o
 .debug_ranges  0x00000040       0x20 ECUAL/Motor Module/Motor.o
 .debug_ranges  0x00000060       0x10 main.o
 .debug_ranges  0x00000070       0x28 MCAL/Dio Module/Dio.o
 .debug_ranges  0x00000098       0x70 MCAL/Gpt Module/Gpt.o
 .debug_ranges  0x00000108       0x28 MCAL/SWPwm Module/SWPwm.o
 .debug_ranges  0x00000130       0x20 Srvc Layer/Service.o

.debug_macro
 *(.debug_macro)
OUTPUT(CarControlSystem.elf elf32-avr)
LOAD linker stubs
